// Jest Snapshot v1, https://goo.gl/fbAQLP

exports[`Prueba de los snapshots Snapshot 1`] = `
Object {
  "gender": "Male",
  "id": "1",
  "name": "Rick Sanchez",
  "species": "Human",
  "status": "Alive",
}
`;
